// Jest Snapshot v1, https://goo.gl/fbAQLP

exports[`snapshot test - renders correctly 1`] = `
<div
  className="sc-bdVaJa dttLff"
  data-testid="container"
>
  no messages
</div>
`;
